// Jest Snapshot v1, https://goo.gl/fbAQLP

exports[`<HomePage /> HomePage 1`] = `
<Fragment>
  <div>
    Hello
  </div>
</Fragment>
`;
